// Jest Snapshot v1, https://goo.gl/fbAQLP

exports[`renders correctly 1`] = `
<div>
  <h1>
    Current Player: 
    Sophie
  </h1>
  <div>
    <h1>
      My Ships
    </h1>
    <table>
      <tbody>
        <tr>
          <td
            className="square square-unselected square-empty"
            id="square-0"
            onClick={[Function]}
          />
          <td
            className="square square-unselected square-empty"
            id="square-1"
            onClick={[Function]}
          />
          <td
            className="square square-unselected square-empty"
            id="square-2"
            onClick={[Function]}
          />
          <td
            className="square square-unselected square-empty"
            id="square-3"
            onClick={[Function]}
          />
          <td
            className="square square-unselected square-empty"
            id="square-4"
            onClick={[Function]}
          />
          <td
            className="square square-unselected square-empty"
            id="square-5"
            onClick={[Function]}
          />
          <td
            className="square square-unselected square-empty"
            id="square-6"
            onClick={[Function]}
          />
          <td
            className="square square-unselected square-empty"
            id="square-7"
            onClick={[Function]}
          />
          <td
            className="square square-unselected square-empty"
            id="square-8"
            onClick={[Function]}
          />
          <td
            className="square square-unselected square-empty"
            id="square-9"
            onClick={[Function]}
          />
        </tr>
        <tr>
          <td
            className="square square-unselected square-empty"
            id="square-10"
            onClick={[Function]}
          />
          <td
            className="square square-unselected square-empty"
            id="square-11"
            onClick={[Function]}
          />
          <td
            className="square square-unselected square-empty"
            id="square-12"
            onClick={[Function]}
          />
          <td
            className="square square-unselected square-empty"
            id="square-13"
            onClick={[Function]}
          />
          <td
            className="square square-unselected square-empty"
            id="square-14"
            onClick={[Function]}
          />
          <td
            className="square square-unselected square-empty"
            id="square-15"
            onClick={[Function]}
          />
          <td
            className="square square-unselected square-empty"
            id="square-16"
            onClick={[Function]}
          />
          <td
            className="square square-unselected square-empty"
            id="square-17"
            onClick={[Function]}
          />
          <td
            className="square square-unselected square-empty"
            id="square-18"
            onClick={[Function]}
          />
          <td
            className="square square-unselected square-empty"
            id="square-19"
            onClick={[Function]}
          />
        </tr>
        <tr>
          <td
            className="square square-unselected square-empty"
            id="square-20"
            onClick={[Function]}
          />
          <td
            className="square square-unselected square-empty"
            id="square-21"
            onClick={[Function]}
          />
          <td
            className="square square-unselected square-empty"
            id="square-22"
            onClick={[Function]}
          />
          <td
            className="square square-unselected square-empty"
            id="square-23"
            onClick={[Function]}
          />
          <td
            className="square square-unselected square-empty"
            id="square-24"
            onClick={[Function]}
          />
          <td
            className="square square-unselected square-empty"
            id="square-25"
            onClick={[Function]}
          />
          <td
            className="square square-unselected square-empty"
            id="square-26"
            onClick={[Function]}
          />
          <td
            className="square square-unselected square-empty"
            id="square-27"
            onClick={[Function]}
          />
          <td
            className="square square-unselected square-empty"
            id="square-28"
            onClick={[Function]}
          />
          <td
            className="square square-unselected square-empty"
            id="square-29"
            onClick={[Function]}
          />
        </tr>
        <tr>
          <td
            className="square square-unselected square-empty"
            id="square-30"
            onClick={[Function]}
          />
          <td
            className="square square-unselected square-empty"
            id="square-31"
            onClick={[Function]}
          />
          <td
            className="square square-unselected square-empty"
            id="square-32"
            onClick={[Function]}
          />
          <td
            className="square square-unselected square-empty"
            id="square-33"
            onClick={[Function]}
          />
          <td
            className="square square-unselected square-empty"
            id="square-34"
            onClick={[Function]}
          />
          <td
            className="square square-unselected square-empty"
            id="square-35"
            onClick={[Function]}
          />
          <td
            className="square square-unselected square-empty"
            id="square-36"
            onClick={[Function]}
          />
          <td
            className="square square-unselected square-empty"
            id="square-37"
            onClick={[Function]}
          />
          <td
            className="square square-unselected square-empty"
            id="square-38"
            onClick={[Function]}
          />
          <td
            className="square square-unselected square-empty"
            id="square-39"
            onClick={[Function]}
          />
        </tr>
        <tr>
          <td
            className="square square-unselected square-empty"
            id="square-40"
            onClick={[Function]}
          />
          <td
            className="square square-unselected square-empty"
            id="square-41"
            onClick={[Function]}
          />
          <td
            className="square square-unselected square-empty"
            id="square-42"
            onClick={[Function]}
          />
          <td
            className="square square-unselected square-empty"
            id="square-43"
            onClick={[Function]}
          />
          <td
            className="square square-unselected square-empty"
            id="square-44"
            onClick={[Function]}
          />
          <td
            className="square square-unselected square-empty"
            id="square-45"
            onClick={[Function]}
          />
          <td
            className="square square-unselected square-empty"
            id="square-46"
            onClick={[Function]}
          />
          <td
            className="square square-unselected square-empty"
            id="square-47"
            onClick={[Function]}
          />
          <td
            className="square square-unselected square-empty"
            id="square-48"
            onClick={[Function]}
          />
          <td
            className="square square-unselected square-empty"
            id="square-49"
            onClick={[Function]}
          />
        </tr>
        <tr>
          <td
            className="square square-unselected square-empty"
            id="square-50"
            onClick={[Function]}
          />
          <td
            className="square square-unselected square-empty"
            id="square-51"
            onClick={[Function]}
          />
          <td
            className="square square-unselected square-empty"
            id="square-52"
            onClick={[Function]}
          />
          <td
            className="square square-unselected square-empty"
            id="square-53"
            onClick={[Function]}
          />
          <td
            className="square square-unselected square-empty"
            id="square-54"
            onClick={[Function]}
          />
          <td
            className="square square-unselected square-empty"
            id="square-55"
            onClick={[Function]}
          />
          <td
            className="square square-unselected square-empty"
            id="square-56"
            onClick={[Function]}
          />
          <td
            className="square square-unselected square-empty"
            id="square-57"
            onClick={[Function]}
          />
          <td
            className="square square-unselected square-empty"
            id="square-58"
            onClick={[Function]}
          />
          <td
            className="square square-unselected square-empty"
            id="square-59"
            onClick={[Function]}
          />
        </tr>
        <tr>
          <td
            className="square square-unselected square-empty"
            id="square-60"
            onClick={[Function]}
          />
          <td
            className="square square-unselected square-empty"
            id="square-61"
            onClick={[Function]}
          />
          <td
            className="square square-unselected square-empty"
            id="square-62"
            onClick={[Function]}
          />
          <td
            className="square square-unselected square-empty"
            id="square-63"
            onClick={[Function]}
          />
          <td
            className="square square-unselected square-empty"
            id="square-64"
            onClick={[Function]}
          />
          <td
            className="square square-unselected square-empty"
            id="square-65"
            onClick={[Function]}
          />
          <td
            className="square square-unselected square-empty"
            id="square-66"
            onClick={[Function]}
          />
          <td
            className="square square-unselected square-empty"
            id="square-67"
            onClick={[Function]}
          />
          <td
            className="square square-unselected square-empty"
            id="square-68"
            onClick={[Function]}
          />
          <td
            className="square square-unselected square-empty"
            id="square-69"
            onClick={[Function]}
          />
        </tr>
        <tr>
          <td
            className="square square-unselected square-empty"
            id="square-70"
            onClick={[Function]}
          />
          <td
            className="square square-unselected square-empty"
            id="square-71"
            onClick={[Function]}
          />
          <td
            className="square square-unselected square-empty"
            id="square-72"
            onClick={[Function]}
          />
          <td
            className="square square-unselected square-empty"
            id="square-73"
            onClick={[Function]}
          />
          <td
            className="square square-unselected square-empty"
            id="square-74"
            onClick={[Function]}
          />
          <td
            className="square square-unselected square-empty"
            id="square-75"
            onClick={[Function]}
          />
          <td
            className="square square-unselected square-empty"
            id="square-76"
            onClick={[Function]}
          />
          <td
            className="square square-unselected square-empty"
            id="square-77"
            onClick={[Function]}
          />
          <td
            className="square square-unselected square-empty"
            id="square-78"
            onClick={[Function]}
          />
          <td
            className="square square-unselected square-empty"
            id="square-79"
            onClick={[Function]}
          />
        </tr>
        <tr>
          <td
            className="square square-unselected square-empty"
            id="square-80"
            onClick={[Function]}
          />
          <td
            className="square square-unselected square-empty"
            id="square-81"
            onClick={[Function]}
          />
          <td
            className="square square-unselected square-empty"
            id="square-82"
            onClick={[Function]}
          />
          <td
            className="square square-unselected square-empty"
            id="square-83"
            onClick={[Function]}
          />
          <td
            className="square square-unselected square-empty"
            id="square-84"
            onClick={[Function]}
          />
          <td
            className="square square-unselected square-empty"
            id="square-85"
            onClick={[Function]}
          />
          <td
            className="square square-unselected square-empty"
            id="square-86"
            onClick={[Function]}
          />
          <td
            className="square square-unselected square-empty"
            id="square-87"
            onClick={[Function]}
          />
          <td
            className="square square-unselected square-empty"
            id="square-88"
            onClick={[Function]}
          />
          <td
            className="square square-unselected square-empty"
            id="square-89"
            onClick={[Function]}
          />
        </tr>
        <tr>
          <td
            className="square square-unselected square-empty"
            id="square-90"
            onClick={[Function]}
          />
          <td
            className="square square-unselected square-empty"
            id="square-91"
            onClick={[Function]}
          />
          <td
            className="square square-unselected square-empty"
            id="square-92"
            onClick={[Function]}
          />
          <td
            className="square square-unselected square-empty"
            id="square-93"
            onClick={[Function]}
          />
          <td
            className="square square-unselected square-empty"
            id="square-94"
            onClick={[Function]}
          />
          <td
            className="square square-unselected square-empty"
            id="square-95"
            onClick={[Function]}
          />
          <td
            className="square square-unselected square-empty"
            id="square-96"
            onClick={[Function]}
          />
          <td
            className="square square-unselected square-empty"
            id="square-97"
            onClick={[Function]}
          />
          <td
            className="square square-unselected square-empty"
            id="square-98"
            onClick={[Function]}
          />
          <td
            className="square square-unselected square-empty"
            id="square-99"
            onClick={[Function]}
          />
        </tr>
      </tbody>
    </table>
  </div>
  <div>
    <h1>
      My Strikes
    </h1>
    <table>
      <tbody>
        <tr>
          <td
            className="square square-unselected square-empty"
            id="square-0"
            onClick={[Function]}
          />
          <td
            className="square square-unselected square-empty"
            id="square-1"
            onClick={[Function]}
          />
          <td
            className="square square-unselected square-empty"
            id="square-2"
            onClick={[Function]}
          />
          <td
            className="square square-unselected square-empty"
            id="square-3"
            onClick={[Function]}
          />
          <td
            className="square square-unselected square-empty"
            id="square-4"
            onClick={[Function]}
          />
          <td
            className="square square-unselected square-empty"
            id="square-5"
            onClick={[Function]}
          />
          <td
            className="square square-unselected square-empty"
            id="square-6"
            onClick={[Function]}
          />
          <td
            className="square square-unselected square-empty"
            id="square-7"
            onClick={[Function]}
          />
          <td
            className="square square-unselected square-empty"
            id="square-8"
            onClick={[Function]}
          />
          <td
            className="square square-unselected square-empty"
            id="square-9"
            onClick={[Function]}
          />
        </tr>
        <tr>
          <td
            className="square square-unselected square-empty"
            id="square-10"
            onClick={[Function]}
          />
          <td
            className="square square-unselected square-empty"
            id="square-11"
            onClick={[Function]}
          />
          <td
            className="square square-unselected square-empty"
            id="square-12"
            onClick={[Function]}
          />
          <td
            className="square square-unselected square-empty"
            id="square-13"
            onClick={[Function]}
          />
          <td
            className="square square-unselected square-empty"
            id="square-14"
            onClick={[Function]}
          />
          <td
            className="square square-unselected square-empty"
            id="square-15"
            onClick={[Function]}
          />
          <td
            className="square square-unselected square-empty"
            id="square-16"
            onClick={[Function]}
          />
          <td
            className="square square-unselected square-empty"
            id="square-17"
            onClick={[Function]}
          />
          <td
            className="square square-unselected square-empty"
            id="square-18"
            onClick={[Function]}
          />
          <td
            className="square square-unselected square-empty"
            id="square-19"
            onClick={[Function]}
          />
        </tr>
        <tr>
          <td
            className="square square-unselected square-empty"
            id="square-20"
            onClick={[Function]}
          />
          <td
            className="square square-unselected square-empty"
            id="square-21"
            onClick={[Function]}
          />
          <td
            className="square square-unselected square-empty"
            id="square-22"
            onClick={[Function]}
          />
          <td
            className="square square-unselected square-empty"
            id="square-23"
            onClick={[Function]}
          />
          <td
            className="square square-unselected square-empty"
            id="square-24"
            onClick={[Function]}
          />
          <td
            className="square square-unselected square-empty"
            id="square-25"
            onClick={[Function]}
          />
          <td
            className="square square-unselected square-empty"
            id="square-26"
            onClick={[Function]}
          />
          <td
            className="square square-unselected square-empty"
            id="square-27"
            onClick={[Function]}
          />
          <td
            className="square square-unselected square-empty"
            id="square-28"
            onClick={[Function]}
          />
          <td
            className="square square-unselected square-empty"
            id="square-29"
            onClick={[Function]}
          />
        </tr>
        <tr>
          <td
            className="square square-unselected square-empty"
            id="square-30"
            onClick={[Function]}
          />
          <td
            className="square square-unselected square-empty"
            id="square-31"
            onClick={[Function]}
          />
          <td
            className="square square-unselected square-empty"
            id="square-32"
            onClick={[Function]}
          />
          <td
            className="square square-unselected square-empty"
            id="square-33"
            onClick={[Function]}
          />
          <td
            className="square square-unselected square-empty"
            id="square-34"
            onClick={[Function]}
          />
          <td
            className="square square-unselected square-empty"
            id="square-35"
            onClick={[Function]}
          />
          <td
            className="square square-unselected square-empty"
            id="square-36"
            onClick={[Function]}
          />
          <td
            className="square square-unselected square-empty"
            id="square-37"
            onClick={[Function]}
          />
          <td
            className="square square-unselected square-empty"
            id="square-38"
            onClick={[Function]}
          />
          <td
            className="square square-unselected square-empty"
            id="square-39"
            onClick={[Function]}
          />
        </tr>
        <tr>
          <td
            className="square square-unselected square-empty"
            id="square-40"
            onClick={[Function]}
          />
          <td
            className="square square-unselected square-empty"
            id="square-41"
            onClick={[Function]}
          />
          <td
            className="square square-unselected square-empty"
            id="square-42"
            onClick={[Function]}
          />
          <td
            className="square square-unselected square-empty"
            id="square-43"
            onClick={[Function]}
          />
          <td
            className="square square-unselected square-empty"
            id="square-44"
            onClick={[Function]}
          />
          <td
            className="square square-unselected square-empty"
            id="square-45"
            onClick={[Function]}
          />
          <td
            className="square square-unselected square-empty"
            id="square-46"
            onClick={[Function]}
          />
          <td
            className="square square-unselected square-empty"
            id="square-47"
            onClick={[Function]}
          />
          <td
            className="square square-unselected square-empty"
            id="square-48"
            onClick={[Function]}
          />
          <td
            className="square square-unselected square-empty"
            id="square-49"
            onClick={[Function]}
          />
        </tr>
        <tr>
          <td
            className="square square-unselected square-empty"
            id="square-50"
            onClick={[Function]}
          />
          <td
            className="square square-unselected square-empty"
            id="square-51"
            onClick={[Function]}
          />
          <td
            className="square square-unselected square-empty"
            id="square-52"
            onClick={[Function]}
          />
          <td
            className="square square-unselected square-empty"
            id="square-53"
            onClick={[Function]}
          />
          <td
            className="square square-unselected square-empty"
            id="square-54"
            onClick={[Function]}
          />
          <td
            className="square square-unselected square-empty"
            id="square-55"
            onClick={[Function]}
          />
          <td
            className="square square-unselected square-empty"
            id="square-56"
            onClick={[Function]}
          />
          <td
            className="square square-unselected square-empty"
            id="square-57"
            onClick={[Function]}
          />
          <td
            className="square square-unselected square-empty"
            id="square-58"
            onClick={[Function]}
          />
          <td
            className="square square-unselected square-empty"
            id="square-59"
            onClick={[Function]}
          />
        </tr>
        <tr>
          <td
            className="square square-unselected square-empty"
            id="square-60"
            onClick={[Function]}
          />
          <td
            className="square square-unselected square-empty"
            id="square-61"
            onClick={[Function]}
          />
          <td
            className="square square-unselected square-empty"
            id="square-62"
            onClick={[Function]}
          />
          <td
            className="square square-unselected square-empty"
            id="square-63"
            onClick={[Function]}
          />
          <td
            className="square square-unselected square-empty"
            id="square-64"
            onClick={[Function]}
          />
          <td
            className="square square-unselected square-empty"
            id="square-65"
            onClick={[Function]}
          />
          <td
            className="square square-unselected square-empty"
            id="square-66"
            onClick={[Function]}
          />
          <td
            className="square square-unselected square-empty"
            id="square-67"
            onClick={[Function]}
          />
          <td
            className="square square-unselected square-empty"
            id="square-68"
            onClick={[Function]}
          />
          <td
            className="square square-unselected square-empty"
            id="square-69"
            onClick={[Function]}
          />
        </tr>
        <tr>
          <td
            className="square square-unselected square-empty"
            id="square-70"
            onClick={[Function]}
          />
          <td
            className="square square-unselected square-empty"
            id="square-71"
            onClick={[Function]}
          />
          <td
            className="square square-unselected square-empty"
            id="square-72"
            onClick={[Function]}
          />
          <td
            className="square square-unselected square-empty"
            id="square-73"
            onClick={[Function]}
          />
          <td
            className="square square-unselected square-empty"
            id="square-74"
            onClick={[Function]}
          />
          <td
            className="square square-unselected square-empty"
            id="square-75"
            onClick={[Function]}
          />
          <td
            className="square square-unselected square-empty"
            id="square-76"
            onClick={[Function]}
          />
          <td
            className="square square-unselected square-empty"
            id="square-77"
            onClick={[Function]}
          />
          <td
            className="square square-unselected square-empty"
            id="square-78"
            onClick={[Function]}
          />
          <td
            className="square square-unselected square-empty"
            id="square-79"
            onClick={[Function]}
          />
        </tr>
        <tr>
          <td
            className="square square-unselected square-empty"
            id="square-80"
            onClick={[Function]}
          />
          <td
            className="square square-unselected square-empty"
            id="square-81"
            onClick={[Function]}
          />
          <td
            className="square square-unselected square-empty"
            id="square-82"
            onClick={[Function]}
          />
          <td
            className="square square-unselected square-empty"
            id="square-83"
            onClick={[Function]}
          />
          <td
            className="square square-unselected square-empty"
            id="square-84"
            onClick={[Function]}
          />
          <td
            className="square square-unselected square-empty"
            id="square-85"
            onClick={[Function]}
          />
          <td
            className="square square-unselected square-empty"
            id="square-86"
            onClick={[Function]}
          />
          <td
            className="square square-unselected square-empty"
            id="square-87"
            onClick={[Function]}
          />
          <td
            className="square square-unselected square-empty"
            id="square-88"
            onClick={[Function]}
          />
          <td
            className="square square-unselected square-empty"
            id="square-89"
            onClick={[Function]}
          />
        </tr>
        <tr>
          <td
            className="square square-unselected square-empty"
            id="square-90"
            onClick={[Function]}
          />
          <td
            className="square square-unselected square-empty"
            id="square-91"
            onClick={[Function]}
          />
          <td
            className="square square-unselected square-empty"
            id="square-92"
            onClick={[Function]}
          />
          <td
            className="square square-unselected square-empty"
            id="square-93"
            onClick={[Function]}
          />
          <td
            className="square square-unselected square-empty"
            id="square-94"
            onClick={[Function]}
          />
          <td
            className="square square-unselected square-empty"
            id="square-95"
            onClick={[Function]}
          />
          <td
            className="square square-unselected square-empty"
            id="square-96"
            onClick={[Function]}
          />
          <td
            className="square square-unselected square-empty"
            id="square-97"
            onClick={[Function]}
          />
          <td
            className="square square-unselected square-empty"
            id="square-98"
            onClick={[Function]}
          />
          <td
            className="square square-unselected square-empty"
            id="square-99"
            onClick={[Function]}
          />
        </tr>
      </tbody>
    </table>
  </div>
  <button>
    Next Player
  </button>
</div>
`;
