// Jest Snapshot v1, https://goo.gl/fbAQLP

exports[`renders correctly 1`] = `
<div>
  <h1>
    Current Player: 
    Sophie
  </h1>
  <button>
     Next Player
  </button>
  <div
    className="ship-list"
  >
    <h1>
      Ships
    </h1>
    <article>
      <div
        className="ship false"
        id="ship-Carrier"
        onClick={[Function]}
      >
        Carrier
      </div>
      <div
        className="ship false"
        id="ship-Battleship"
        onClick={[Function]}
      >
        Battleship
      </div>
      <div
        className="ship false"
        id="ship-Cruiser"
        onClick={[Function]}
      >
        Cruiser
      </div>
      <div
        className="ship false"
        id="ship-Submarine"
        onClick={[Function]}
      >
        Submarine
      </div>
      <div
        className="ship false"
        id="ship-Destroyer"
        onClick={[Function]}
      >
        Destroyer
      </div>
    </article>
  </div>
</div>
`;
