// Jest Snapshot v1, https://goo.gl/fbAQLP

exports[`renders correctly 1`] = `
<div
  className="ship-list"
>
  <h1>
    Ships
  </h1>
  <article>
    <div
      className="ship ship-unselected"
      id="ship-0"
      onClick={[Function]}
    >
      Carrier
    </div>
    <div
      className="ship ship-unselected"
      id="ship-1"
      onClick={[Function]}
    >
      Battleship
    </div>
    <div
      className="ship ship-unselected"
      id="ship-2"
      onClick={[Function]}
    >
      Cruiser
    </div>
    <div
      className="ship ship-unselected"
      id="ship-3"
      onClick={[Function]}
    >
      Submarine
    </div>
    <div
      className="ship ship-unselected"
      id="ship-4"
      onClick={[Function]}
    >
      Destroyer
    </div>
  </article>
</div>
`;
